Standard Commons Logging discovery in action with spring-jcl: please remove commons-logging.jar from classpath in order to avoid potential conflicts

  .   ____          _            __ _ _
 /\\ / ___'_ __ _ _(_)_ __  __ _ \ \ \ \
( ( )\___ | '_ | '_| | '_ \/ _` | \ \ \ \
 \\/  ___)| |_)| | | | | || (_| |  ) ) ) )
  '  |____| .__|_| |_|_| |_\__, | / / / /
 =========|_|==============|___/=/_/_/_/

 :: Spring Boot ::                (v3.4.2)

2026-06-20T20:00:05.499+05:30  INFO 31704 --- [eureka-server] [           main] c.h.e.EurekaServerApplication            : Starting EurekaServerApplication v0.0.1-SNAPSHOT using Java 25.0.3 with PID 31704 (C:\Users\parik\OneDrive\Desktop\hospital-management-system\eureka-server\target\eureka-server-0.0.1-SNAPSHOT.jar started by parik in C:\Users\parik\OneDrive\Desktop\hospital-management-system\eureka-server)
2026-06-20T20:00:05.507+05:30  INFO 31704 --- [eureka-server] [           main] c.h.e.EurekaServerApplication            : No active profile set, falling back to 1 default profile: "default"
2026-06-20T20:00:08.109+05:30  INFO 31704 --- [eureka-server] [           main] o.s.cloud.context.scope.GenericScope     : BeanFactory id=6686b3d2-de92-38fe-8a3e-732c656658f0
2026-06-20T20:00:08.772+05:30  INFO 31704 --- [eureka-server] [           main] o.s.b.w.embedded.tomcat.TomcatWebServer  : Tomcat initialized with port 8761 (http)
2026-06-20T20:00:08.798+05:30  INFO 31704 --- [eureka-server] [           main] o.apache.catalina.core.StandardService   : Starting service [Tomcat]
2026-06-20T20:00:08.799+05:30  INFO 31704 --- [eureka-server] [           main] o.apache.catalina.core.StandardEngine    : Starting Servlet engine: [Apache Tomcat/10.1.34]
2026-06-20T20:00:08.865+05:30  INFO 31704 --- [eureka-server] [           main] o.a.c.c.C.[Tomcat].[localhost].[/]       : Initializing Spring embedded WebApplicationContext
2026-06-20T20:00:08.873+05:30  INFO 31704 --- [eureka-server] [           main] w.s.c.ServletWebServerApplicationContext : Root WebApplicationContext: initialization completed in 3251 ms
Standard Commons Logging discovery in action with spring-jcl: please remove commons-logging.jar from classpath in order to avoid potential conflicts
2026-06-20T20:00:10.908+05:30  INFO 31704 --- [eureka-server] [           main] c.n.d.provider.DiscoveryJerseyProvider   : Using JSON encoding codec LegacyJacksonJson
2026-06-20T20:00:10.912+05:30  INFO 31704 --- [eureka-server] [           main] c.n.d.provider.DiscoveryJerseyProvider   : Using JSON decoding codec LegacyJacksonJson
2026-06-20T20:00:11.353+05:30  INFO 31704 --- [eureka-server] [           main] c.n.d.provider.DiscoveryJerseyProvider   : Using XML encoding codec XStreamXml
2026-06-20T20:00:11.354+05:30  INFO 31704 --- [eureka-server] [           main] c.n.d.provider.DiscoveryJerseyProvider   : Using XML decoding codec XStreamXml
2026-06-20T20:00:11.660+05:30  INFO 31704 --- [eureka-server] [           main] o.s.v.b.OptionalValidatorFactoryBean     : Failed to set up a Bean Validation provider: jakarta.validation.NoProviderFoundException: Unable to create a Configuration, because no Jakarta Bean Validation provider could be found. Add a provider like Hibernate Validator (RI) to your classpath.
2026-06-20T20:00:13.294+05:30  WARN 31704 --- [eureka-server] [           main] iguration$LoadBalancerCaffeineWarnLogger : Spring Cloud LoadBalancer is currently working with the default cache. While this cache implementation is useful for development and tests, it's recommended to use Caffeine cache in production.You can switch to using Caffeine cache, by adding it and org.springframework.cache.caffeine.CaffeineCacheManager to the classpath.
2026-06-20T20:00:13.346+05:30  INFO 31704 --- [eureka-server] [           main] o.s.c.n.eureka.InstanceInfoFactory       : Setting initial instance status as: STARTING
2026-06-20T20:00:13.380+05:30  INFO 31704 --- [eureka-server] [           main] com.netflix.discovery.DiscoveryClient    : Initializing Eureka in region us-east-1
2026-06-20T20:00:13.381+05:30  INFO 31704 --- [eureka-server] [           main] com.netflix.discovery.DiscoveryClient    : Client configured to neither register nor query for data.
2026-06-20T20:00:13.384+05:30  INFO 31704 --- [eureka-server] [           main] com.netflix.discovery.DiscoveryClient    : Discovery Client initialized at timestamp 1781965813383 with initial instances count: 0
2026-06-20T20:00:13.451+05:30  INFO 31704 --- [eureka-server] [           main] c.n.eureka.DefaultEurekaServerContext    : Initializing ...
2026-06-20T20:00:13.454+05:30  INFO 31704 --- [eureka-server] [           main] c.n.eureka.cluster.PeerEurekaNodes       : Adding new peer nodes [http://localhost:8761/eureka/]
2026-06-20T20:00:13.689+05:30  INFO 31704 --- [eureka-server] [           main] c.n.d.provider.DiscoveryJerseyProvider   : Using JSON encoding codec LegacyJacksonJson
2026-06-20T20:00:13.696+05:30  INFO 31704 --- [eureka-server] [           main] c.n.d.provider.DiscoveryJerseyProvider   : Using JSON decoding codec LegacyJacksonJson
2026-06-20T20:00:13.697+05:30  INFO 31704 --- [eureka-server] [           main] c.n.d.provider.DiscoveryJerseyProvider   : Using XML encoding codec XStreamXml
2026-06-20T20:00:13.697+05:30  INFO 31704 --- [eureka-server] [           main] c.n.d.provider.DiscoveryJerseyProvider   : Using XML decoding codec XStreamXml
2026-06-20T20:00:13.773+05:30  INFO 31704 --- [eureka-server] [           main] c.n.eureka.cluster.PeerEurekaNodes       : Replica node URL:  http://localhost:8761/eureka/
2026-06-20T20:00:13.787+05:30  INFO 31704 --- [eureka-server] [           main] c.n.e.registry.AbstractInstanceRegistry  : Finished initializing remote region registries. All known remote regions: []
2026-06-20T20:00:13.788+05:30  INFO 31704 --- [eureka-server] [           main] c.n.eureka.DefaultEurekaServerContext    : Initialized
2026-06-20T20:00:13.815+05:30  INFO 31704 --- [eureka-server] [           main] o.s.b.a.e.web.EndpointLinksResolver      : Exposing 1 endpoint beneath base path '/actuator'
2026-06-20T20:00:13.925+05:30  INFO 31704 --- [eureka-server] [           main] o.s.c.n.e.s.EurekaServiceRegistry        : Registering application EUREKA-SERVER with eureka with status UP
2026-06-20T20:00:13.955+05:30  INFO 31704 --- [eureka-server] [       Thread-9] o.s.c.n.e.server.EurekaServerBootstrap   : isAws returned false
2026-06-20T20:00:13.958+05:30  INFO 31704 --- [eureka-server] [       Thread-9] o.s.c.n.e.server.EurekaServerBootstrap   : Initialized server context
2026-06-20T20:00:13.959+05:30  INFO 31704 --- [eureka-server] [       Thread-9] c.n.e.r.PeerAwareInstanceRegistryImpl    : Got 1 instances from neighboring DS node
2026-06-20T20:00:13.960+05:30  INFO 31704 --- [eureka-server] [       Thread-9] c.n.e.r.PeerAwareInstanceRegistryImpl    : Renew threshold is: 1
2026-06-20T20:00:13.961+05:30  INFO 31704 --- [eureka-server] [       Thread-9] c.n.e.r.PeerAwareInstanceRegistryImpl    : Changing status to UP
2026-06-20T20:00:13.965+05:30  INFO 31704 --- [eureka-server] [       Thread-9] e.s.EurekaServerInitializerConfiguration : Started Eureka Server
2026-06-20T20:00:13.979+05:30  INFO 31704 --- [eureka-server] [           main] o.s.b.w.embedded.tomcat.TomcatWebServer  : Tomcat started on port 8761 (http) with context path '/'
2026-06-20T20:00:13.981+05:30  INFO 31704 --- [eureka-server] [           main] .s.c.n.e.s.EurekaAutoServiceRegistration : Updating port to 8761
2026-06-20T20:00:14.017+05:30  INFO 31704 --- [eureka-server] [           main] c.h.e.EurekaServerApplication            : Started EurekaServerApplication in 9.684 seconds (process running for 11.045)
=============================================
  EUREKA SERVER is running on port 8761
  Dashboard: http://localhost:8761
=============================================
